Component: ARM Compiler 5.06 update 6 (build 750) Tool: armlink [4d35ed]

==============================================================================

Section Cross References

    mian.o(i.main) refers to sys.o(i.Stm32_Clock_Init) for Stm32_Clock_Init
    mian.o(i.main) refers to tim2.o(i.init_tim2) for init_tim2
    mian.o(i.main) refers to usart1.o(i.usart_init) for usart_init
    mian.o(i.main) refers to delay.o(i.delay_init) for delay_init
    mian.o(i.main) refers to adc.o(i.Adc_Init) for Adc_Init
    mian.o(i.main) refers to printfa.o(i.__0printf) for __2printf
    mian.o(i.main) refers to adc.o(i.Get_Adc) for Get_Adc
    mian.o(i.main) refers to mian.o(i.ReadCount) for ReadCount
    mian.o(i.main) refers to dfltui.o(.text) for __aeabi_ui2d
    mian.o(i.main) refers to dmul.o(.text) for __aeabi_dmul
    mian.o(i.main) refers to ddiv.o(.text) for __aeabi_ddiv
    mian.o(i.main) refers to d2f.o(.text) for __aeabi_d2f
    mian.o(i.main) refers to f2d.o(.text) for __aeabi_f2d
    mian.o(i.main) refers to tim2.o(.data) for send_flag
    usart1.o(i.PcTx_String) refers to usart1.o(i.PcTx_Byte) for PcTx_Byte
    usart1.o(i.Task_Pc) refers to memseta.o(.text) for __aeabi_memclr
    usart1.o(i.Task_Pc) refers to usart1.o(.data) for Rx_End
    usart1.o(i.Task_Pc) refers to usart1.o(.bss) for Rx_Buf
    usart1.o(i.USART1_IRQHandler) refers to usart1.o(.data) for Rx_End
    usart1.o(i.USART1_IRQHandler) refers to usart1.o(.bss) for Rx_Buf
    usart1.o(i.usart_init) refers to ffltui.o(.text) for __aeabi_ui2f
    usart1.o(i.usart_init) refers to fdiv.o(.text) for __aeabi_fdiv
    usart1.o(i.usart_init) refers to ffixui.o(.text) for __aeabi_f2uiz
    usart1.o(i.usart_init) refers to fadd.o(.text) for __aeabi_frsub
    usart1.o(i.usart_init) refers to fmul.o(.text) for __aeabi_fmul
    tim2.o(i.TIM2_IRQHandler) refers to tim2.o(.data) for send_flag
    usart3.o(i.PcTx_String3) refers to usart3.o(i.PcTx_Byte3) for PcTx_Byte3
    usart3.o(i.PcTx_String3x) refers to usart3.o(i.PcTx_Byte3) for PcTx_Byte3
    usart3.o(i.PcTx_String3x) refers to usart2.o(.data) for Rx_Len2
    usart3.o(i.Task_Pc3) refers to memseta.o(.text) for __aeabi_memclr
    usart3.o(i.Task_Pc3) refers to usart3.o(.data) for Rx_End3
    usart3.o(i.Task_Pc3) refers to usart3.o(.bss) for Rx_Buf3
    usart3.o(i.USART3_IRQHandler) refers to usart3.o(.data) for Rx_End3
    usart3.o(i.USART3_IRQHandler) refers to usart3.o(.bss) for Rx_Buf3
    usart3.o(i.usart3_init) refers to ffltui.o(.text) for __aeabi_ui2f
    usart3.o(i.usart3_init) refers to fdiv.o(.text) for __aeabi_fdiv
    usart3.o(i.usart3_init) refers to ffixui.o(.text) for __aeabi_f2uiz
    usart3.o(i.usart3_init) refers to fadd.o(.text) for __aeabi_frsub
    usart3.o(i.usart3_init) refers to fmul.o(.text) for __aeabi_fmul
    usart2.o(i.PcTx_String2) refers to usart2.o(i.PcTx_Byte2) for PcTx_Byte2
    usart2.o(i.Task_Pc2) refers to memseta.o(.text) for __aeabi_memclr
    usart2.o(i.Task_Pc2) refers to usart2.o(.data) for Rx_End2
    usart2.o(i.Task_Pc2) refers to usart2.o(.bss) for Rx_Buf2
    usart2.o(i.USART2_IRQHandler) refers to usart2.o(.data) for Rx_End2
    usart2.o(i.USART2_IRQHandler) refers to usart2.o(.bss) for Rx_Buf2
    usart2.o(i.set) refers to usart2.o(i.PcTx_Byte2) for PcTx_Byte2
    usart2.o(i.usart2_init) refers to ffltui.o(.text) for __aeabi_ui2f
    usart2.o(i.usart2_init) refers to fdiv.o(.text) for __aeabi_fdiv
    usart2.o(i.usart2_init) refers to ffixui.o(.text) for __aeabi_f2uiz
    usart2.o(i.usart2_init) refers to fadd.o(.text) for __aeabi_frsub
    usart2.o(i.usart2_init) refers to fmul.o(.text) for __aeabi_fmul
    adc.o(i.Get_Adc_Average) refers to adc.o(i.Get_Adc) for Get_Adc
    adc.o(i.Get_Adc_Average) refers to delay.o(i.delay_ms) for delay_ms
    delay.o(i.delay_init) refers to delay.o(.data) for fac_us
    delay.o(i.delay_ms) refers to delay.o(.data) for fac_ms
    delay.o(i.delay_us) refers to delay.o(.data) for fac_us
    sys.o(i.MYRCC_DeInit) refers to sys.o(i.MY_NVIC_SetVectorTable) for MY_NVIC_SetVectorTable
    sys.o(i.MY_NVIC_Init) refers to sys.o(i.MY_NVIC_PriorityGroupConfig) for MY_NVIC_PriorityGroupConfig
    sys.o(i.Stm32_Clock_Init) refers to sys.o(i.MYRCC_DeInit) for MYRCC_DeInit
    sys.o(i.Sys_Standby) refers to sys.o(i.WFI_SET) for WFI_SET
    startup_stm32f10x_hd.o(RESET) refers to startup_stm32f10x_hd.o(STACK) for __initial_sp
    startup_stm32f10x_hd.o(RESET) refers to startup_stm32f10x_hd.o(.text) for Reset_Handler
    startup_stm32f10x_hd.o(RESET) refers to tim2.o(i.TIM2_IRQHandler) for TIM2_IRQHandler
    startup_stm32f10x_hd.o(RESET) refers to usart1.o(i.USART1_IRQHandler) for USART1_IRQHandler
    startup_stm32f10x_hd.o(RESET) refers to usart2.o(i.USART2_IRQHandler) for USART2_IRQHandler
    startup_stm32f10x_hd.o(RESET) refers to usart3.o(i.USART3_IRQHandler) for USART3_IRQHandler
    startup_stm32f10x_hd.o(.text) refers to system_stm32f10x.o(i.SystemInit) for SystemInit
    startup_stm32f10x_hd.o(.text) refers to entry.o(.ARM.Collect$$$$00000000) for __main
    system_stm32f10x.o(i.SetSysClock) refers to system_stm32f10x.o(i.SetSysClockTo72) for SetSysClockTo72
    system_stm32f10x.o(i.SystemCoreClockUpdate) refers to system_stm32f10x.o(.data) for SystemCoreClock
    system_stm32f10x.o(i.SystemInit) refers to system_stm32f10x.o(i.SetSysClock) for SetSysClock
    entry.o(.ARM.Collect$$$$00000000) refers (Special) to entry10a.o(.ARM.Collect$$$$0000000D) for __rt_final_cpp
    entry.o(.ARM.Collect$$$$00000000) refers (Special) to entry11a.o(.ARM.Collect$$$$0000000F) for __rt_final_exit
    entry.o(.ARM.Collect$$$$00000000) refers (Special) to entry7b.o(.ARM.Collect$$$$00000008) for _main_clock
    entry.o(.ARM.Collect$$$$00000000) refers (Special) to entry8b.o(.ARM.Collect$$$$0000000A) for _main_cpp_init
    entry.o(.ARM.Collect$$$$00000000) refers (Special) to entry9a.o(.ARM.Collect$$$$0000000B) for _main_init
    entry.o(.ARM.Collect$$$$00000000) refers (Special) to entry5.o(.ARM.Collect$$$$00000004) for _main_scatterload
    entry.o(.ARM.Collect$$$$00000000) refers (Special) to entry2.o(.ARM.Collect$$$$00000001) for _main_stk
    printfb.o(i.__0fprintf$bare) refers to printfb.o(i._printf_core) for _printf_core
    printfb.o(i.__0fprintf$bare) refers to usart1.o(i.fputc) for fputc
    printfb.o(i.__0printf$bare) refers to printfb.o(i._printf_core) for _printf_core
    printfb.o(i.__0printf$bare) refers to usart1.o(i.fputc) for fputc
    printfb.o(i.__0printf$bare) refers to usart1.o(.data) for __stdout
    printfb.o(i.__0snprintf$bare) refers to printfb.o(i._printf_core) for _printf_core
    printfb.o(i.__0snprintf$bare) refers to printfb.o(i._snputc) for _snputc
    printfb.o(i.__0sprintf$bare) refers to printfb.o(i._printf_core) for _printf_core
    printfb.o(i.__0sprintf$bare) refers to printfb.o(i._sputc) for _sputc
    printfb.o(i.__0vfprintf$bare) refers to printfb.o(i._printf_core) for _printf_core
    printfb.o(i.__0vfprintf$bare) refers to usart1.o(i.fputc) for fputc
    printfb.o(i.__0vprintf$bare) refers to printfb.o(i._printf_core) for _printf_core
    printfb.o(i.__0vprintf$bare) refers to usart1.o(i.fputc) for fputc
    printfb.o(i.__0vprintf$bare) refers to usart1.o(.data) for __stdout
    printfb.o(i.__0vsnprintf$bare) refers to printfb.o(i._printf_core) for _printf_core
    printfb.o(i.__0vsnprintf$bare) refers to printfb.o(i._snputc) for _snputc
    printfb.o(i.__0vsprintf$bare) refers to printfb.o(i._printf_core) for _printf_core
    printfb.o(i.__0vsprintf$bare) refers to printfb.o(i._sputc) for _sputc
    printf0.o(i.__0fprintf$0) refers to printf0.o(i._printf_core) for _printf_core
    printf0.o(i.__0fprintf$0) refers to usart1.o(i.fputc) for fputc
    printf0.o(i.__0printf$0) refers to printf0.o(i._printf_core) for _printf_core
    printf0.o(i.__0printf$0) refers to usart1.o(i.fputc) for fputc
    printf0.o(i.__0printf$0) refers to usart1.o(.data) for __stdout
    printf0.o(i.__0snprintf$0) refers to printf0.o(i._printf_core) for _printf_core
    printf0.o(i.__0snprintf$0) refers to printf0.o(i._snputc) for _snputc
    printf0.o(i.__0sprintf$0) refers to printf0.o(i._printf_core) for _printf_core
    printf0.o(i.__0sprintf$0) refers to printf0.o(i._sputc) for _sputc
    printf0.o(i.__0vfprintf$0) refers to printf0.o(i._printf_core) for _printf_core
    printf0.o(i.__0vfprintf$0) refers to usart1.o(i.fputc) for fputc
    printf0.o(i.__0vprintf$0) refers to printf0.o(i._printf_core) for _printf_core
    printf0.o(i.__0vprintf$0) refers to usart1.o(i.fputc) for fputc
    printf0.o(i.__0vprintf$0) refers to usart1.o(.data) for __stdout
    printf0.o(i.__0vsnprintf$0) refers to printf0.o(i._printf_core) for _printf_core
    printf0.o(i.__0vsnprintf$0) refers to printf0.o(i._snputc) for _snputc
    printf0.o(i.__0vsprintf$0) refers to printf0.o(i._printf_core) for _printf_core
    printf0.o(i.__0vsprintf$0) refers to printf0.o(i._sputc) for _sputc
    printf1.o(i.__0fprintf$1) refers to printf1.o(i._printf_core) for _printf_core
    printf1.o(i.__0fprintf$1) refers to usart1.o(i.fputc) for fputc
    printf1.o(i.__0printf$1) refers to printf1.o(i._printf_core) for _printf_core
    printf1.o(i.__0printf$1) refers to usart1.o(i.fputc) for fputc
    printf1.o(i.__0printf$1) refers to usart1.o(.data) for __stdout
    printf1.o(i.__0snprintf$1) refers to printf1.o(i._printf_core) for _printf_core
    printf1.o(i.__0snprintf$1) refers to printf1.o(i._snputc) for _snputc
    printf1.o(i.__0sprintf$1) refers to printf1.o(i._printf_core) for _printf_core
    printf1.o(i.__0sprintf$1) refers to printf1.o(i._sputc) for _sputc
    printf1.o(i.__0vfprintf$1) refers to printf1.o(i._printf_core) for _printf_core
    printf1.o(i.__0vfprintf$1) refers to usart1.o(i.fputc) for fputc
    printf1.o(i.__0vprintf$1) refers to printf1.o(i._printf_core) for _printf_core
    printf1.o(i.__0vprintf$1) refers to usart1.o(i.fputc) for fputc
    printf1.o(i.__0vprintf$1) refers to usart1.o(.data) for __stdout
    printf1.o(i.__0vsnprintf$1) refers to printf1.o(i._printf_core) for _printf_core
    printf1.o(i.__0vsnprintf$1) refers to printf1.o(i._snputc) for _snputc
    printf1.o(i.__0vsprintf$1) refers to printf1.o(i._printf_core) for _printf_core
    printf1.o(i.__0vsprintf$1) refers to printf1.o(i._sputc) for _sputc
    printf1.o(i._printf_core) refers to uidiv.o(.text) for __aeabi_uidivmod
    printf2.o(i.__0fprintf$2) refers to printf2.o(i._printf_core) for _printf_core
    printf2.o(i.__0fprintf$2) refers to usart1.o(i.fputc) for fputc
    printf2.o(i.__0printf$2) refers to printf2.o(i._printf_core) for _printf_core
    printf2.o(i.__0printf$2) refers to usart1.o(i.fputc) for fputc
    printf2.o(i.__0printf$2) refers to usart1.o(.data) for __stdout
    printf2.o(i.__0snprintf$2) refers to printf2.o(i._printf_core) for _printf_core
    printf2.o(i.__0snprintf$2) refers to printf2.o(i._snputc) for _snputc
    printf2.o(i.__0sprintf$2) refers to printf2.o(i._printf_core) for _printf_core
    printf2.o(i.__0sprintf$2) refers to printf2.o(i._sputc) for _sputc
    printf2.o(i.__0vfprintf$2) refers to printf2.o(i._printf_core) for _printf_core
    printf2.o(i.__0vfprintf$2) refers to usart1.o(i.fputc) for fputc
    printf2.o(i.__0vprintf$2) refers to printf2.o(i._printf_core) for _printf_core
    printf2.o(i.__0vprintf$2) refers to usart1.o(i.fputc) for fputc
    printf2.o(i.__0vprintf$2) refers to usart1.o(.data) for __stdout
    printf2.o(i.__0vsnprintf$2) refers to printf2.o(i._printf_core) for _printf_core
    printf2.o(i.__0vsnprintf$2) refers to printf2.o(i._snputc) for _snputc
    printf2.o(i.__0vsprintf$2) refers to printf2.o(i._printf_core) for _printf_core
    printf2.o(i.__0vsprintf$2) refers to printf2.o(i._sputc) for _sputc
    printf3.o(i.__0fprintf$3) refers to printf3.o(i._printf_core) for _printf_core
    printf3.o(i.__0fprintf$3) refers to usart1.o(i.fputc) for fputc
    printf3.o(i.__0printf$3) refers to printf3.o(i._printf_core) for _printf_core
    printf3.o(i.__0printf$3) refers to usart1.o(i.fputc) for fputc
    printf3.o(i.__0printf$3) refers to usart1.o(.data) for __stdout
    printf3.o(i.__0snprintf$3) refers to printf3.o(i._printf_core) for _printf_core
    printf3.o(i.__0snprintf$3) refers to printf3.o(i._snputc) for _snputc
    printf3.o(i.__0sprintf$3) refers to printf3.o(i._printf_core) for _printf_core
    printf3.o(i.__0sprintf$3) refers to printf3.o(i._sputc) for _sputc
    printf3.o(i.__0vfprintf$3) refers to printf3.o(i._printf_core) for _printf_core
    printf3.o(i.__0vfprintf$3) refers to usart1.o(i.fputc) for fputc
    printf3.o(i.__0vprintf$3) refers to printf3.o(i._printf_core) for _printf_core
    printf3.o(i.__0vprintf$3) refers to usart1.o(i.fputc) for fputc
    printf3.o(i.__0vprintf$3) refers to usart1.o(.data) for __stdout
    printf3.o(i.__0vsnprintf$3) refers to printf3.o(i._printf_core) for _printf_core
    printf3.o(i.__0vsnprintf$3) refers to printf3.o(i._snputc) for _snputc
    printf3.o(i.__0vsprintf$3) refers to printf3.o(i._printf_core) for _printf_core
    printf3.o(i.__0vsprintf$3) refers to printf3.o(i._sputc) for _sputc
    printf3.o(i._printf_core) refers to uidiv.o(.text) for __aeabi_uidivmod
    printf4.o(i.__0fprintf$4) refers to printf4.o(i._printf_core) for _printf_core
    printf4.o(i.__0fprintf$4) refers to usart1.o(i.fputc) for fputc
    printf4.o(i.__0printf$4) refers to printf4.o(i._printf_core) for _printf_core
    printf4.o(i.__0printf$4) refers to usart1.o(i.fputc) for fputc
    printf4.o(i.__0printf$4) refers to usart1.o(.data) for __stdout
    printf4.o(i.__0snprintf$4) refers to printf4.o(i._printf_core) for _printf_core
    printf4.o(i.__0snprintf$4) refers to printf4.o(i._snputc) for _snputc
    printf4.o(i.__0sprintf$4) refers to printf4.o(i._printf_core) for _printf_core
    printf4.o(i.__0sprintf$4) refers to printf4.o(i._sputc) for _sputc
    printf4.o(i.__0vfprintf$4) refers to printf4.o(i._printf_core) for _printf_core
    printf4.o(i.__0vfprintf$4) refers to usart1.o(i.fputc) for fputc
    printf4.o(i.__0vprintf$4) refers to printf4.o(i._printf_core) for _printf_core
    printf4.o(i.__0vprintf$4) refers to usart1.o(i.fputc) for fputc
    printf4.o(i.__0vprintf$4) refers to usart1.o(.data) for __stdout
    printf4.o(i.__0vsnprintf$4) refers to printf4.o(i._printf_core) for _printf_core
    printf4.o(i.__0vsnprintf$4) refers to printf4.o(i._snputc) for _snputc
    printf4.o(i.__0vsprintf$4) refers to printf4.o(i._printf_core) for _printf_core
    printf4.o(i.__0vsprintf$4) refers to printf4.o(i._sputc) for _sputc
    printf4.o(i._printf_core) refers to uldiv.o(.text) for __aeabi_uldivmod
    printf5.o(i.__0fprintf$5) refers to printf5.o(i._printf_core) for _printf_core
    printf5.o(i.__0fprintf$5) refers to usart1.o(i.fputc) for fputc
    printf5.o(i.__0printf$5) refers to printf5.o(i._printf_core) for _printf_core
    printf5.o(i.__0printf$5) refers to usart1.o(i.fputc) for fputc
    printf5.o(i.__0printf$5) refers to usart1.o(.data) for __stdout
    printf5.o(i.__0snprintf$5) refers to printf5.o(i._printf_core) for _printf_core
    printf5.o(i.__0snprintf$5) refers to printf5.o(i._snputc) for _snputc
    printf5.o(i.__0sprintf$5) refers to printf5.o(i._printf_core) for _printf_core
    printf5.o(i.__0sprintf$5) refers to printf5.o(i._sputc) for _sputc
    printf5.o(i.__0vfprintf$5) refers to printf5.o(i._printf_core) for _printf_core
    printf5.o(i.__0vfprintf$5) refers to usart1.o(i.fputc) for fputc
    printf5.o(i.__0vprintf$5) refers to printf5.o(i._printf_core) for _printf_core
    printf5.o(i.__0vprintf$5) refers to usart1.o(i.fputc) for fputc
    printf5.o(i.__0vprintf$5) refers to usart1.o(.data) for __stdout
    printf5.o(i.__0vsnprintf$5) refers to printf5.o(i._printf_core) for _printf_core
    printf5.o(i.__0vsnprintf$5) refers to printf5.o(i._snputc) for _snputc
    printf5.o(i.__0vsprintf$5) refers to printf5.o(i._printf_core) for _printf_core
    printf5.o(i.__0vsprintf$5) refers to printf5.o(i._sputc) for _sputc
    printf5.o(i._printf_core) refers to uldiv.o(.text) for __aeabi_uldivmod
    printf6.o(i.__0fprintf$6) refers to printf6.o(i._printf_core) for _printf_core
    printf6.o(i.__0fprintf$6) refers to usart1.o(i.fputc) for fputc
    printf6.o(i.__0printf$6) refers to printf6.o(i._printf_core) for _printf_core
    printf6.o(i.__0printf$6) refers to usart1.o(i.fputc) for fputc
    printf6.o(i.__0printf$6) refers to usart1.o(.data) for __stdout
    printf6.o(i.__0snprintf$6) refers to printf6.o(i._printf_core) for _printf_core
    printf6.o(i.__0snprintf$6) refers to printf6.o(i._snputc) for _snputc
    printf6.o(i.__0sprintf$6) refers to printf6.o(i._printf_core) for _printf_core
    printf6.o(i.__0sprintf$6) refers to printf6.o(i._sputc) for _sputc
    printf6.o(i.__0vfprintf$6) refers to printf6.o(i._printf_core) for _printf_core
    printf6.o(i.__0vfprintf$6) refers to usart1.o(i.fputc) for fputc
    printf6.o(i.__0vprintf$6) refers to printf6.o(i._printf_core) for _printf_core
    printf6.o(i.__0vprintf$6) refers to usart1.o(i.fputc) for fputc
    printf6.o(i.__0vprintf$6) refers to usart1.o(.data) for __stdout
    printf6.o(i.__0vsnprintf$6) refers to printf6.o(i._printf_core) for _printf_core
    printf6.o(i.__0vsnprintf$6) refers to printf6.o(i._snputc) for _snputc
    printf6.o(i.__0vsprintf$6) refers to printf6.o(i._printf_core) for _printf_core
    printf6.o(i.__0vsprintf$6) refers to printf6.o(i._sputc) for _sputc
    printf6.o(i._printf_core) refers to printf6.o(i._printf_pre_padding) for _printf_pre_padding
    printf6.o(i._printf_core) refers to uidiv.o(.text) for __aeabi_uidivmod
    printf6.o(i._printf_core) refers to printf6.o(i._printf_post_padding) for _printf_post_padding
    printf7.o(i.__0fprintf$7) refers to printf7.o(i._printf_core) for _printf_core
    printf7.o(i.__0fprintf$7) refers to usart1.o(i.fputc) for fputc
    printf7.o(i.__0printf$7) refers to printf7.o(i._printf_core) for _printf_core
    printf7.o(i.__0printf$7) refers to usart1.o(i.fputc) for fputc
    printf7.o(i.__0printf$7) refers to usart1.o(.data) for __stdout
    printf7.o(i.__0snprintf$7) refers to printf7.o(i._printf_core) for _printf_core
    printf7.o(i.__0snprintf$7) refers to printf7.o(i._snputc) for _snputc
    printf7.o(i.__0sprintf$7) refers to printf7.o(i._printf_core) for _printf_core
    printf7.o(i.__0sprintf$7) refers to printf7.o(i._sputc) for _sputc
    printf7.o(i.__0vfprintf$7) refers to printf7.o(i._printf_core) for _printf_core
    printf7.o(i.__0vfprintf$7) refers to usart1.o(i.fputc) for fputc
    printf7.o(i.__0vprintf$7) refers to printf7.o(i._printf_core) for _printf_core
    printf7.o(i.__0vprintf$7) refers to usart1.o(i.fputc) for fputc
    printf7.o(i.__0vprintf$7) refers to usart1.o(.data) for __stdout
    printf7.o(i.__0vsnprintf$7) refers to printf7.o(i._printf_core) for _printf_core
    printf7.o(i.__0vsnprintf$7) refers to printf7.o(i._snputc) for _snputc
    printf7.o(i.__0vsprintf$7) refers to printf7.o(i._printf_core) for _printf_core
    printf7.o(i.__0vsprintf$7) refers to printf7.o(i._sputc) for _sputc
    printf7.o(i._printf_core) refers to printf7.o(i._printf_pre_padding) for _printf_pre_padding
    printf7.o(i._printf_core) refers to uldiv.o(.text) for __aeabi_uldivmod
    printf7.o(i._printf_core) refers to printf7.o(i._printf_post_padding) for _printf_post_padding
    printf8.o(i.__0fprintf$8) refers to printf8.o(i._printf_core) for _printf_core
    printf8.o(i.__0fprintf$8) refers to usart1.o(i.fputc) for fputc
    printf8.o(i.__0printf$8) refers to printf8.o(i._printf_core) for _printf_core
    printf8.o(i.__0printf$8) refers to usart1.o(i.fputc) for fputc
    printf8.o(i.__0printf$8) refers to usart1.o(.data) for __stdout
    printf8.o(i.__0snprintf$8) refers to printf8.o(i._printf_core) for _printf_core
    printf8.o(i.__0snprintf$8) refers to printf8.o(i._snputc) for _snputc
    printf8.o(i.__0sprintf$8) refers to printf8.o(i._printf_core) for _printf_core
    printf8.o(i.__0sprintf$8) refers to printf8.o(i._sputc) for _sputc
    printf8.o(i.__0vfprintf$8) refers to printf8.o(i._printf_core) for _printf_core
    printf8.o(i.__0vfprintf$8) refers to usart1.o(i.fputc) for fputc
    printf8.o(i.__0vprintf$8) refers to printf8.o(i._printf_core) for _printf_core
    printf8.o(i.__0vprintf$8) refers to usart1.o(i.fputc) for fputc
    printf8.o(i.__0vprintf$8) refers to usart1.o(.data) for __stdout
    printf8.o(i.__0vsnprintf$8) refers to printf8.o(i._printf_core) for _printf_core
    printf8.o(i.__0vsnprintf$8) refers to printf8.o(i._snputc) for _snputc
    printf8.o(i.__0vsprintf$8) refers to printf8.o(i._printf_core) for _printf_core
    printf8.o(i.__0vsprintf$8) refers to printf8.o(i._sputc) for _sputc
    printf8.o(i._printf_core) refers to printf8.o(i._printf_pre_padding) for _printf_pre_padding
    printf8.o(i._printf_core) refers to uldiv.o(.text) for __aeabi_uldivmod
    printf8.o(i._printf_core) refers to printf8.o(i._printf_post_padding) for _printf_post_padding
    printfa.o(i.__0fprintf) refers (Special) to iusefp.o(.text) for __I$use$fp
    printfa.o(i.__0fprintf) refers to printfa.o(i._printf_core) for _printf_core
    printfa.o(i.__0fprintf) refers to usart1.o(i.fputc) for fputc
    printfa.o(i.__0printf) refers (Special) to iusefp.o(.text) for __I$use$fp
    printfa.o(i.__0printf) refers to printfa.o(i._printf_core) for _printf_core
    printfa.o(i.__0printf) refers to usart1.o(i.fputc) for fputc
    printfa.o(i.__0printf) refers to usart1.o(.data) for __stdout
    printfa.o(i.__0snprintf) refers (Special) to iusefp.o(.text) for __I$use$fp
    printfa.o(i.__0snprintf) refers to printfa.o(i._printf_core) for _printf_core
    printfa.o(i.__0snprintf) refers to printfa.o(i._snputc) for _snputc
    printfa.o(i.__0sprintf) refers (Special) to iusefp.o(.text) for __I$use$fp
    printfa.o(i.__0sprintf) refers to printfa.o(i._printf_core) for _printf_core
    printfa.o(i.__0sprintf) refers to printfa.o(i._sputc) for _sputc
    printfa.o(i.__0vfprintf) refers (Special) to iusefp.o(.text) for __I$use$fp
    printfa.o(i.__0vfprintf) refers to printfa.o(i._printf_core) for _printf_core
    printfa.o(i.__0vfprintf) refers to usart1.o(i.fputc) for fputc
    printfa.o(i.__0vprintf) refers (Special) to iusefp.o(.text) for __I$use$fp
    printfa.o(i.__0vprintf) refers to printfa.o(i._printf_core) for _printf_core
    printfa.o(i.__0vprintf) refers to usart1.o(i.fputc) for fputc
    printfa.o(i.__0vprintf) refers to usart1.o(.data) for __stdout
    printfa.o(i.__0vsnprintf) refers (Special) to iusefp.o(.text) for __I$use$fp
    printfa.o(i.__0vsnprintf) refers to printfa.o(i._printf_core) for _printf_core
    printfa.o(i.__0vsnprintf) refers to printfa.o(i._snputc) for _snputc
    printfa.o(i.__0vsprintf) refers (Special) to iusefp.o(.text) for __I$use$fp
    printfa.o(i.__0vsprintf) refers to printfa.o(i._printf_core) for _printf_core
    printfa.o(i.__0vsprintf) refers to printfa.o(i._sputc) for _sputc
    printfa.o(i._fp_digits) refers (Special) to iusefp.o(.text) for __I$use$fp
    printfa.o(i._fp_digits) refers to dmul.o(.text) for __aeabi_dmul
    printfa.o(i._fp_digits) refers to ddiv.o(.text) for __aeabi_ddiv
    printfa.o(i._fp_digits) refers to cdrcmple.o(.text) for __aeabi_cdrcmple
    printfa.o(i._fp_digits) refers to dadd.o(.text) for __aeabi_dadd
    printfa.o(i._fp_digits) refers to dfixul.o(.text) for __aeabi_d2ulz
    printfa.o(i._fp_digits) refers to uldiv.o(.text) for __aeabi_uldivmod
    printfa.o(i._printf_core) refers (Special) to iusefp.o(.text) for __I$use$fp
    printfa.o(i._printf_core) refers to printfa.o(i._printf_pre_padding) for _printf_pre_padding
    printfa.o(i._printf_core) refers to uldiv.o(.text) for __aeabi_uldivmod
    printfa.o(i._printf_core) refers to printfa.o(i._printf_post_padding) for _printf_post_padding
    printfa.o(i._printf_core) refers to printfa.o(i._fp_digits) for _fp_digits
    printfa.o(i._printf_core) refers to uidiv.o(.text) for __aeabi_uidivmod
    printfa.o(i._printf_post_padding) refers (Special) to iusefp.o(.text) for __I$use$fp
    printfa.o(i._printf_pre_padding) refers (Special) to iusefp.o(.text) for __I$use$fp
    printfa.o(i._snputc) refers (Special) to iusefp.o(.text) for __I$use$fp
    printfa.o(i._sputc) refers (Special) to iusefp.o(.text) for __I$use$fp
    fadd.o(.text) refers (Special) to iusefp.o(.text) for __I$use$fp
    fadd.o(.text) refers to fepilogue.o(.text) for _float_epilogue
    fmul.o(.text) refers (Special) to iusefp.o(.text) for __I$use$fp
    fdiv.o(.text) refers (Special) to iusefp.o(.text) for __I$use$fp
    fdiv.o(.text) refers to fepilogue.o(.text) for _float_round
    dmul.o(.text) refers (Special) to iusefp.o(.text) for __I$use$fp
    dmul.o(.text) refers to depilogue.o(.text) for _double_epilogue
    ddiv.o(.text) refers (Special) to iusefp.o(.text) for __I$use$fp
    ddiv.o(.text) refers to depilogue.o(.text) for _double_round
    ffltui.o(.text) refers (Special) to iusefp.o(.text) for __I$use$fp
    ffltui.o(.text) refers to fepilogue.o(.text) for _float_epilogue
    dfltui.o(.text) refers (Special) to iusefp.o(.text) for __I$use$fp
    dfltui.o(.text) refers to depilogue.o(.text) for _double_epilogue
    ffixui.o(.text) refers (Special) to iusefp.o(.text) for __I$use$fp
    f2d.o(.text) refers (Special) to iusefp.o(.text) for __I$use$fp
    d2f.o(.text) refers (Special) to iusefp.o(.text) for __I$use$fp
    d2f.o(.text) refers to fepilogue.o(.text) for _float_round
    entry2.o(.ARM.Collect$$$$00000001) refers to entry2.o(.ARM.Collect$$$$00002712) for __lit__00000000
    entry2.o(.ARM.Collect$$$$00002712) refers to startup_stm32f10x_hd.o(STACK) for __initial_sp
    entry2.o(__vectab_stack_and_reset_area) refers to startup_stm32f10x_hd.o(STACK) for __initial_sp
    entry2.o(__vectab_stack_and_reset_area) refers to entry.o(.ARM.Collect$$$$00000000) for __main
    entry5.o(.ARM.Collect$$$$00000004) refers to init.o(.text) for __scatterload
    entry9a.o(.ARM.Collect$$$$0000000B) refers to mian.o(i.main) for main
    entry9b.o(.ARM.Collect$$$$0000000C) refers to mian.o(i.main) for main
    uldiv.o(.text) refers to llushr.o(.text) for __aeabi_llsr
    uldiv.o(.text) refers to llshl.o(.text) for __aeabi_llsl
    depilogue.o(.text) refers to llshl.o(.text) for __aeabi_llsl
    depilogue.o(.text) refers to llushr.o(.text) for __aeabi_llsr
    dadd.o(.text) refers to llshl.o(.text) for __aeabi_llsl
    dadd.o(.text) refers to llsshr.o(.text) for __aeabi_lasr
    dadd.o(.text) refers to depilogue.o(.text) for _double_epilogue
    dfixul.o(.text) refers to llushr.o(.text) for __aeabi_llsr
    dfixul.o(.text) refers to llshl.o(.text) for __aeabi_llsl
    init.o(.text) refers to entry5.o(.ARM.Collect$$$$00000004) for __main_after_scatterload


==============================================================================

Removing Unused input sections from the image.

    Removing usart1.o(i.PcTx_Byte), (28 bytes).
    Removing usart1.o(i.PcTx_String), (22 bytes).
    Removing usart1.o(i.Task_Pc), (44 bytes).
    Removing usart1.o(i._sys_exit), (8 bytes).
    Removing usart3.o(i.PcTx_Byte3), (28 bytes).
    Removing usart3.o(i.PcTx_String3), (22 bytes).
    Removing usart3.o(i.PcTx_String3x), (36 bytes).
    Removing usart3.o(i.Task_Pc3), (44 bytes).
    Removing usart3.o(i.usart3_init), (416 bytes).
    Removing usart2.o(i.PcTx_Byte2), (28 bytes).
    Removing usart2.o(i.PcTx_String2), (22 bytes).
    Removing usart2.o(i.Task_Pc2), (104 bytes).
    Removing usart2.o(i.set), (38 bytes).
    Removing usart2.o(i.usart2_init), (412 bytes).
    Removing adc.o(i.Get_Adc_Average), (46 bytes).
    Removing delay.o(i.delay_ms), (60 bytes).
    Removing delay.o(i.delay_us), (60 bytes).
    Removing sys.o(.emb_text), (6 bytes).
    Removing sys.o(i.Ex_NVIC_Config), (160 bytes).
    Removing sys.o(i.INTX_DISABLE), (4 bytes).
    Removing sys.o(i.INTX_ENABLE), (4 bytes).
    Removing sys.o(i.JTAG_Set), (48 bytes).
    Removing sys.o(i.MY_NVIC_Init), (120 bytes).
    Removing sys.o(i.MY_NVIC_PriorityGroupConfig), (40 bytes).
    Removing sys.o(i.Sys_Soft_Reset), (16 bytes).
    Removing sys.o(i.Sys_Standby), (76 bytes).
    Removing sys.o(i.WFI_SET), (4 bytes).
    Removing startup_stm32f10x_hd.o(HEAP), (512 bytes).
    Removing system_stm32f10x.o(i.SystemCoreClockUpdate), (164 bytes).
    Removing system_stm32f10x.o(.data), (20 bytes).

30 unused section(s) (total 2592 bytes) removed from the image.

==============================================================================

Image Symbol Table

    Local Symbols

    Symbol Name                              Value     Ov Type        Size  Object(Section)

    ../clib/microlib/division.c              0x00000000   Number         0  uldiv.o ABSOLUTE
    ../clib/microlib/division.c              0x00000000   Number         0  uidiv.o ABSOLUTE
    ../clib/microlib/init/entry.s            0x00000000   Number         0  entry11b.o ABSOLUTE
    ../clib/microlib/init/entry.s            0x00000000   Number         0  entry11a.o ABSOLUTE
    ../clib/microlib/init/entry.s            0x00000000   Number         0  entry10b.o ABSOLUTE
    ../clib/microlib/init/entry.s            0x00000000   Number         0  entry.o ABSOLUTE
    ../clib/microlib/init/entry.s            0x00000000   Number         0  entry10a.o ABSOLUTE
    ../clib/microlib/init/entry.s            0x00000000   Number         0  entry9b.o ABSOLUTE
    ../clib/microlib/init/entry.s            0x00000000   Number         0  entry9a.o ABSOLUTE
    ../clib/microlib/init/entry.s            0x00000000   Number         0  entry8b.o ABSOLUTE
    ../clib/microlib/init/entry.s            0x00000000   Number         0  entry8a.o ABSOLUTE
    ../clib/microlib/init/entry.s            0x00000000   Number         0  entry7b.o ABSOLUTE
    ../clib/microlib/init/entry.s            0x00000000   Number         0  entry7a.o ABSOLUTE
    ../clib/microlib/init/entry.s            0x00000000   Number         0  entry5.o ABSOLUTE
    ../clib/microlib/init/entry.s            0x00000000   Number         0  entry2.o ABSOLUTE
    ../clib/microlib/longlong.c              0x00000000   Number         0  llsshr.o ABSOLUTE
    ../clib/microlib/longlong.c              0x00000000   Number         0  llushr.o ABSOLUTE
    ../clib/microlib/longlong.c              0x00000000   Number         0  llshl.o ABSOLUTE
    ../clib/microlib/printf/printf.c         0x00000000   Number         0  printf4.o ABSOLUTE
    ../clib/microlib/printf/printf.c         0x00000000   Number         0  printf3.o ABSOLUTE
    ../clib/microlib/printf/printf.c         0x00000000   Number         0  printfb.o ABSOLUTE
    ../clib/microlib/printf/printf.c         0x00000000   Number         0  printf0.o ABSOLUTE
    ../clib/microlib/printf/printf.c         0x00000000   Number         0  printf1.o ABSOLUTE
    ../clib/microlib/printf/printf.c         0x00000000   Number         0  printf2.o ABSOLUTE
    ../clib/microlib/printf/printf.c         0x00000000   Number         0  printf5.o ABSOLUTE
    ../clib/microlib/printf/printf.c         0x00000000   Number         0  printf6.o ABSOLUTE
    ../clib/microlib/printf/printf.c         0x00000000   Number         0  printf7.o ABSOLUTE
    ../clib/microlib/printf/printf.c         0x00000000   Number         0  printf8.o ABSOLUTE
    ../clib/microlib/printf/printf.c         0x00000000   Number         0  printfa.o ABSOLUTE
    ../clib/microlib/printf/stubs.s          0x00000000   Number         0  stubs.o ABSOLUTE
    ../clib/microlib/string/memset.c         0x00000000   Number         0  memseta.o ABSOLUTE
    ../clib/microlib/stubs.s                 0x00000000   Number         0  iusefp.o ABSOLUTE
    ../clib/microlib/stubs.s                 0x00000000   Number         0  useno.o ABSOLUTE
    ../fplib/microlib/d2f.c                  0x00000000   Number         0  d2f.o ABSOLUTE
    ../fplib/microlib/f2d.c                  0x00000000   Number         0  f2d.o ABSOLUTE
    ../fplib/microlib/fpadd.c                0x00000000   Number         0  dadd.o ABSOLUTE
    ../fplib/microlib/fpadd.c                0x00000000   Number         0  fadd.o ABSOLUTE
    ../fplib/microlib/fpdiv.c                0x00000000   Number         0  fdiv.o ABSOLUTE
    ../fplib/microlib/fpdiv.c                0x00000000   Number         0  ddiv.o ABSOLUTE
    ../fplib/microlib/fpepilogue.c           0x00000000   Number         0  depilogue.o ABSOLUTE
    ../fplib/microlib/fpepilogue.c           0x00000000   Number         0  fepilogue.o ABSOLUTE
    ../fplib/microlib/fpfix.c                0x00000000   Number         0  dfixul.o ABSOLUTE
    ../fplib/microlib/fpfix.c                0x00000000   Number         0  ffixui.o ABSOLUTE
    ../fplib/microlib/fpflt.c                0x00000000   Number         0  dfltui.o ABSOLUTE
    ../fplib/microlib/fpflt.c                0x00000000   Number         0  ffltui.o ABSOLUTE
    ../fplib/microlib/fpmul.c                0x00000000   Number         0  fmul.o ABSOLUTE
    ../fplib/microlib/fpmul.c                0x00000000   Number         0  dmul.o ABSOLUTE
    RTE\Device\STM32F103RC\startup_stm32f10x_hd.s 0x00000000   Number         0  startup_stm32f10x_hd.o ABSOLUTE
    RTE\Device\STM32F103RC\system_stm32f10x.c 0x00000000   Number         0  system_stm32f10x.o ABSOLUTE
    USER\\src\\sys.c                         0x00000000   Number         0  sys.o ABSOLUTE
    USER\src\adc.c                           0x00000000   Number         0  adc.o ABSOLUTE
    USER\src\delay.c                         0x00000000   Number         0  delay.o ABSOLUTE
    USER\src\mian.c                          0x00000000   Number         0  mian.o ABSOLUTE
    USER\src\sys.c                           0x00000000   Number         0  sys.o ABSOLUTE
    USER\src\tim2.c                          0x00000000   Number         0  tim2.o ABSOLUTE
    USER\src\usart1.c                        0x00000000   Number         0  usart1.o ABSOLUTE
    USER\src\usart2.c                        0x00000000   Number         0  usart2.o ABSOLUTE
    USER\src\usart3.c                        0x00000000   Number         0  usart3.o ABSOLUTE
    cdrcmple.s                               0x00000000   Number         0  cdrcmple.o ABSOLUTE
    dc.s                                     0x00000000   Number         0  dc.o ABSOLUTE
    handlers.s                               0x00000000   Number         0  handlers.o ABSOLUTE
    init.s                                   0x00000000   Number         0  init.o ABSOLUTE
    RESET                                    0x08000000   Section      304  startup_stm32f10x_hd.o(RESET)
    .ARM.Collect$$$$00000000                 0x08000130   Section        0  entry.o(.ARM.Collect$$$$00000000)
    .ARM.Collect$$$$00000001                 0x08000130   Section        4  entry2.o(.ARM.Collect$$$$00000001)
    .ARM.Collect$$$$00000004                 0x08000134   Section        4  entry5.o(.ARM.Collect$$$$00000004)
    .ARM.Collect$$$$00000008                 0x08000138   Section        0  entry7b.o(.ARM.Collect$$$$00000008)
    .ARM.Collect$$$$0000000A                 0x08000138   Section        0  entry8b.o(.ARM.Collect$$$$0000000A)
    .ARM.Collect$$$$0000000B                 0x08000138   Section        8  entry9a.o(.ARM.Collect$$$$0000000B)
    .ARM.Collect$$$$0000000D                 0x08000140   Section        0  entry10a.o(.ARM.Collect$$$$0000000D)
    .ARM.Collect$$$$0000000F                 0x08000140   Section        0  entry11a.o(.ARM.Collect$$$$0000000F)
    .ARM.Collect$$$$00002712                 0x08000140   Section        4  entry2.o(.ARM.Collect$$$$00002712)
    __lit__00000000                          0x08000140   Data           4  entry2.o(.ARM.Collect$$$$00002712)
    .text                                    0x08000144   Section       36  startup_stm32f10x_hd.o(.text)
    .text                                    0x08000168   Section        0  fadd.o(.text)
    .text                                    0x08000218   Section        0  fmul.o(.text)
    .text                                    0x0800027c   Section        0  fdiv.o(.text)
    .text                                    0x080002f8   Section        0  dmul.o(.text)
    .text                                    0x080003dc   Section        0  ddiv.o(.text)
    .text                                    0x080004ba   Section        0  ffltui.o(.text)
    .text                                    0x080004c4   Section        0  dfltui.o(.text)
    .text                                    0x080004de   Section        0  ffixui.o(.text)
    .text                                    0x08000506   Section        0  f2d.o(.text)
    .text                                    0x0800052c   Section        0  d2f.o(.text)
    .text                                    0x08000564   Section        0  uidiv.o(.text)
    .text                                    0x08000590   Section        0  uldiv.o(.text)
    .text                                    0x080005f2   Section        0  iusefp.o(.text)
    .text                                    0x080005f2   Section        0  fepilogue.o(.text)
    .text                                    0x08000660   Section        0  depilogue.o(.text)
    .text                                    0x0800071a   Section        0  dadd.o(.text)
    .text                                    0x08000868   Section        0  dfixul.o(.text)
    .text                                    0x08000898   Section       48  cdrcmple.o(.text)
    .text                                    0x080008c8   Section       36  init.o(.text)
    .text                                    0x080008ec   Section        0  llshl.o(.text)
    .text                                    0x0800090a   Section        0  llushr.o(.text)
    .text                                    0x0800092a   Section        0  llsshr.o(.text)
    i.Adc_Init                               0x08000950   Section        0  adc.o(i.Adc_Init)
    i.Get_Adc                                0x08000a94   Section        0  adc.o(i.Get_Adc)
    i.MYRCC_DeInit                           0x08000ad8   Section        0  sys.o(i.MYRCC_DeInit)
    i.MY_NVIC_SetVectorTable                 0x08000b40   Section        0  sys.o(i.MY_NVIC_SetVectorTable)
    i.ReadCount                              0x08000b54   Section        0  mian.o(i.ReadCount)
    i.SetSysClock                            0x08000be4   Section        0  system_stm32f10x.o(i.SetSysClock)
    SetSysClock                              0x08000be5   Thumb Code     8  system_stm32f10x.o(i.SetSysClock)
    i.SetSysClockTo72                        0x08000bec   Section        0  system_stm32f10x.o(i.SetSysClockTo72)
    SetSysClockTo72                          0x08000bed   Thumb Code   214  system_stm32f10x.o(i.SetSysClockTo72)
    i.Stm32_Clock_Init                       0x08000ccc   Section        0  sys.o(i.Stm32_Clock_Init)
    i.SystemInit                             0x08000d5c   Section        0  system_stm32f10x.o(i.SystemInit)
    i.TIM2_IRQHandler                        0x08000dbc   Section        0  tim2.o(i.TIM2_IRQHandler)
    i.USART1_IRQHandler                      0x08000dd4   Section        0  usart1.o(i.USART1_IRQHandler)
    i.USART2_IRQHandler                      0x08000e24   Section        0  usart2.o(i.USART2_IRQHandler)
    i.USART3_IRQHandler                      0x08000e74   Section        0  usart3.o(i.USART3_IRQHandler)
    i.__0printf                              0x08000ec4   Section        0  printfa.o(i.__0printf)
    i.__scatterload_copy                     0x08000ee4   Section       14  handlers.o(i.__scatterload_copy)
    i.__scatterload_null                     0x08000ef2   Section        2  handlers.o(i.__scatterload_null)
    i.__scatterload_zeroinit                 0x08000ef4   Section       14  handlers.o(i.__scatterload_zeroinit)
    i._fp_digits                             0x08000f04   Section        0  printfa.o(i._fp_digits)
    _fp_digits                               0x08000f05   Thumb Code   366  printfa.o(i._fp_digits)
    i._printf_core                           0x08001088   Section        0  printfa.o(i._printf_core)
    _printf_core                             0x08001089   Thumb Code  1744  printfa.o(i._printf_core)
    i._printf_post_padding                   0x08001764   Section        0  printfa.o(i._printf_post_padding)
    _printf_post_padding                     0x08001765   Thumb Code    36  printfa.o(i._printf_post_padding)
    i._printf_pre_padding                    0x08001788   Section        0  printfa.o(i._printf_pre_padding)
    _printf_pre_padding                      0x08001789   Thumb Code    46  printfa.o(i._printf_pre_padding)
    i.delay_init                             0x080017b8   Section        0  delay.o(i.delay_init)
    i.fputc                                  0x080017f8   Section        0  usart1.o(i.fputc)
    i.init_tim2                              0x08001814   Section        0  tim2.o(i.init_tim2)
    i.main                                   0x08001860   Section        0  mian.o(i.main)
    i.usart_init                             0x0800191c   Section        0  usart1.o(i.usart_init)
    .data                                    0x20000000   Section       12  usart1.o(.data)
    .data                                    0x2000000c   Section        1  tim2.o(.data)
    .data                                    0x2000000e   Section        6  usart3.o(.data)
    .data                                    0x20000014   Section        8  usart2.o(.data)
    .data                                    0x2000001c   Section        4  delay.o(.data)
    fac_us                                   0x2000001c   Data           1  delay.o(.data)
    fac_ms                                   0x2000001e   Data           2  delay.o(.data)
    .bss                                     0x20000020   Section      512  usart1.o(.bss)
    .bss                                     0x20000220   Section      512  usart3.o(.bss)
    .bss                                     0x20000420   Section      512  usart2.o(.bss)
    STACK                                    0x20000620   Section     1024  startup_stm32f10x_hd.o(STACK)

    Global Symbols

    Symbol Name                              Value     Ov Type        Size  Object(Section)

    BuildAttributes$$THM_ISAv4$P$D$K$B$S$PE$A:L22UL41UL21$X:L11$S22US41US21$IEEE1$IW$USESV6$~STKCKD$USESV7$~SHL$OTIME$ROPI$EBA8$MICROLIB$REQ8$PRES8$EABIv2 0x00000000   Number         0  anon$$obj.o ABSOLUTE
    __ARM_use_no_argv                        0x00000000   Number         0  mian.o ABSOLUTE
    __use_no_errno                           0x00000000   Number         0  useno.o ABSOLUTE
    __use_no_exception_handling              0x00000000   Number         0  useno.o ABSOLUTE
    __use_no_fp                              0x00000000   Number         0  useno.o ABSOLUTE
    __use_no_heap                            0x00000000   Number         0  useno.o ABSOLUTE
    __use_no_heap_region                     0x00000000   Number         0  useno.o ABSOLUTE
    __use_no_semihosting                     0x00000000   Number         0  useno.o ABSOLUTE
    __use_no_semihosting_swi                 0x00000000   Number         0  useno.o ABSOLUTE
    __use_no_signal_handling                 0x00000000   Number         0  useno.o ABSOLUTE
    _printf_a                                0x00000000   Number         0  stubs.o ABSOLUTE
    _printf_c                                0x00000000   Number         0  stubs.o ABSOLUTE
    _printf_charcount                        0x00000000   Number         0  stubs.o ABSOLUTE
    _printf_d                                0x00000000   Number         0  stubs.o ABSOLUTE
    _printf_e                                0x00000000   Number         0  stubs.o ABSOLUTE
    _printf_f                                0x00000000   Number         0  stubs.o ABSOLUTE
    _printf_flags                            0x00000000   Number         0  stubs.o ABSOLUTE
    _printf_fp_dec                           0x00000000   Number         0  stubs.o ABSOLUTE
    _printf_fp_hex                           0x00000000   Number         0  stubs.o ABSOLUTE
    _printf_g                                0x00000000   Number         0  stubs.o ABSOLUTE
    _printf_i                                0x00000000   Number         0  stubs.o ABSOLUTE
    _printf_int_dec                          0x00000000   Number         0  stubs.o ABSOLUTE
    _printf_l                                0x00000000   Number         0  stubs.o ABSOLUTE
    _printf_lc                               0x00000000   Number         0  stubs.o ABSOLUTE
    _printf_ll                               0x00000000   Number         0  stubs.o ABSOLUTE
    _printf_lld                              0x00000000   Number         0  stubs.o ABSOLUTE
    _printf_lli                              0x00000000   Number         0  stubs.o ABSOLUTE
    _printf_llo                              0x00000000   Number         0  stubs.o ABSOLUTE
    _printf_llu                              0x00000000   Number         0  stubs.o ABSOLUTE
    _printf_llx                              0x00000000   Number         0  stubs.o ABSOLUTE
    _printf_longlong_dec                     0x00000000   Number         0  stubs.o ABSOLUTE
    _printf_longlong_hex                     0x00000000   Number         0  stubs.o ABSOLUTE
    _printf_longlong_oct                     0x00000000   Number         0  stubs.o ABSOLUTE
    _printf_ls                               0x00000000   Number         0  stubs.o ABSOLUTE
    _printf_mbtowc                           0x00000000   Number         0  stubs.o ABSOLUTE
    _printf_n                                0x00000000   Number         0  stubs.o ABSOLUTE
    _printf_o                                0x00000000   Number         0  stubs.o ABSOLUTE
    _printf_p                                0x00000000   Number         0  stubs.o ABSOLUTE
    _printf_percent                          0x00000000   Number         0  stubs.o ABSOLUTE
    _printf_pre_padding                      0x00000000   Number         0  stubs.o ABSOLUTE
    _printf_return_value                     0x00000000   Number         0  stubs.o ABSOLUTE
    _printf_s                                0x00000000   Number         0  stubs.o ABSOLUTE
    _printf_sizespec                         0x00000000   Number         0  stubs.o ABSOLUTE
    _printf_str                              0x00000000   Number         0  stubs.o ABSOLUTE
    _printf_truncate_signed                  0x00000000   Number         0  stubs.o ABSOLUTE
    _printf_truncate_unsigned                0x00000000   Number         0  stubs.o ABSOLUTE
    _printf_u                                0x00000000   Number         0  stubs.o ABSOLUTE
    _printf_wc                               0x00000000   Number         0  stubs.o ABSOLUTE
    _printf_wctomb                           0x00000000   Number         0  stubs.o ABSOLUTE
    _printf_widthprec                        0x00000000   Number         0  stubs.o ABSOLUTE
    _printf_x                                0x00000000   Number         0  stubs.o ABSOLUTE
    __cpp_initialize__aeabi_                  - Undefined Weak Reference
    __cxa_finalize                            - Undefined Weak Reference
    __decompress                              - Undefined Weak Reference
    _clock_init                               - Undefined Weak Reference
    _microlib_exit                            - Undefined Weak Reference
    __Vectors_Size                           0x00000130   Number         0  startup_stm32f10x_hd.o ABSOLUTE
    __Vectors                                0x08000000   Data           4  startup_stm32f10x_hd.o(RESET)
    __Vectors_End                            0x08000130   Data           0  startup_stm32f10x_hd.o(RESET)
    __main                                   0x08000131   Thumb Code     0  entry.o(.ARM.Collect$$$$00000000)
    _main_stk                                0x08000131   Thumb Code     0  entry2.o(.ARM.Collect$$$$00000001)
    _main_scatterload                        0x08000135   Thumb Code     0  entry5.o(.ARM.Collect$$$$00000004)
    __main_after_scatterload                 0x08000139   Thumb Code     0  entry5.o(.ARM.Collect$$$$00000004)
    _main_clock                              0x08000139   Thumb Code     0  entry7b.o(.ARM.Collect$$$$00000008)
    _main_cpp_init                           0x08000139   Thumb Code     0  entry8b.o(.ARM.Collect$$$$0000000A)
    _main_init                               0x08000139   Thumb Code     0  entry9a.o(.ARM.Collect$$$$0000000B)
    __rt_final_cpp                           0x08000141   Thumb Code     0  entry10a.o(.ARM.Collect$$$$0000000D)
    __rt_final_exit                          0x08000141   Thumb Code     0  entry11a.o(.ARM.Collect$$$$0000000F)
    Reset_Handler                            0x08000145   Thumb Code     8  startup_stm32f10x_hd.o(.text)
    NMI_Handler                              0x0800014d   Thumb Code     2  startup_stm32f10x_hd.o(.text)
    HardFault_Handler                        0x0800014f   Thumb Code     2  startup_stm32f10x_hd.o(.text)
    MemManage_Handler                        0x08000151   Thumb Code     2  startup_stm32f10x_hd.o(.text)
    BusFault_Handler                         0x08000153   Thumb Code     2  startup_stm32f10x_hd.o(.text)
    UsageFault_Handler                       0x08000155   Thumb Code     2  startup_stm32f10x_hd.o(.text)
    SVC_Handler                              0x08000157   Thumb Code     2  startup_stm32f10x_hd.o(.text)
    DebugMon_Handler                         0x08000159   Thumb Code     2  startup_stm32f10x_hd.o(.text)
    PendSV_Handler                           0x0800015b   Thumb Code     2  startup_stm32f10x_hd.o(.text)
    SysTick_Handler                          0x0800015d   Thumb Code     2  startup_stm32f10x_hd.o(.text)
    ADC1_2_IRQHandler                        0x0800015f   Thumb Code     0  startup_stm32f10x_hd.o(.text)
    ADC3_IRQHandler                          0x0800015f   Thumb Code     0  startup_stm32f10x_hd.o(.text)
    CAN1_RX1_IRQHandler                      0x0800015f   Thumb Code     0  startup_stm32f10x_hd.o(.text)
    CAN1_SCE_IRQHandler                      0x0800015f   Thumb Code     0  startup_stm32f10x_hd.o(.text)
    DMA1_Channel1_IRQHandler                 0x0800015f   Thumb Code     0  startup_stm32f10x_hd.o(.text)
    DMA1_Channel2_IRQHandler                 0x0800015f   Thumb Code     0  startup_stm32f10x_hd.o(.text)
    DMA1_Channel3_IRQHandler                 0x0800015f   Thumb Code     0  startup_stm32f10x_hd.o(.text)
    DMA1_Channel4_IRQHandler                 0x0800015f   Thumb Code     0  startup_stm32f10x_hd.o(.text)
    DMA1_Channel5_IRQHandler                 0x0800015f   Thumb Code     0  startup_stm32f10x_hd.o(.text)
    DMA1_Channel6_IRQHandler                 0x0800015f   Thumb Code     0  startup_stm32f10x_hd.o(.text)
    DMA1_Channel7_IRQHandler                 0x0800015f   Thumb Code     0  startup_stm32f10x_hd.o(.text)
    DMA2_Channel1_IRQHandler                 0x0800015f   Thumb Code     0  startup_stm32f10x_hd.o(.text)
    DMA2_Channel2_IRQHandler                 0x0800015f   Thumb Code     0  startup_stm32f10x_hd.o(.text)
    DMA2_Channel3_IRQHandler                 0x0800015f   Thumb Code     0  startup_stm32f10x_hd.o(.text)
    DMA2_Channel4_5_IRQHandler               0x0800015f   Thumb Code     0  startup_stm32f10x_hd.o(.text)
    EXTI0_IRQHandler                         0x0800015f   Thumb Code     0  startup_stm32f10x_hd.o(.text)
    EXTI15_10_IRQHandler                     0x0800015f   Thumb Code     0  startup_stm32f10x_hd.o(.text)
    EXTI1_IRQHandler                         0x0800015f   Thumb Code     0  startup_stm32f10x_hd.o(.text)
    EXTI2_IRQHandler                         0x0800015f   Thumb Code     0  startup_stm32f10x_hd.o(.text)
    EXTI3_IRQHandler                         0x0800015f   Thumb Code     0  startup_stm32f10x_hd.o(.text)
    EXTI4_IRQHandler                         0x0800015f   Thumb Code     0  startup_stm32f10x_hd.o(.text)
    EXTI9_5_IRQHandler                       0x0800015f   Thumb Code     0  startup_stm32f10x_hd.o(.text)
    FLASH_IRQHandler                         0x0800015f   Thumb Code     0  startup_stm32f10x_hd.o(.text)
    FSMC_IRQHandler                          0x0800015f   Thumb Code     0  startup_stm32f10x_hd.o(.text)
    I2C1_ER_IRQHandler                       0x0800015f   Thumb Code     0  startup_stm32f10x_hd.o(.text)
    I2C1_EV_IRQHandler                       0x0800015f   Thumb Code     0  startup_stm32f10x_hd.o(.text)
    I2C2_ER_IRQHandler                       0x0800015f   Thumb Code     0  startup_stm32f10x_hd.o(.text)
    I2C2_EV_IRQHandler                       0x0800015f   Thumb Code     0  startup_stm32f10x_hd.o(.text)
    PVD_IRQHandler                           0x0800015f   Thumb Code     0  startup_stm32f10x_hd.o(.text)
    RCC_IRQHandler                           0x0800015f   Thumb Code     0  startup_stm32f10x_hd.o(.text)
    RTCAlarm_IRQHandler                      0x0800015f   Thumb Code     0  startup_stm32f10x_hd.o(.text)
    RTC_IRQHandler                           0x0800015f   Thumb Code     0  startup_stm32f10x_hd.o(.text)
    SDIO_IRQHandler                          0x0800015f   Thumb Code     0  startup_stm32f10x_hd.o(.text)
    SPI1_IRQHandler                          0x0800015f   Thumb Code     0  startup_stm32f10x_hd.o(.text)
    SPI2_IRQHandler                          0x0800015f   Thumb Code     0  startup_stm32f10x_hd.o(.text)
    SPI3_IRQHandler                          0x0800015f   Thumb Code     0  startup_stm32f10x_hd.o(.text)
    TAMPER_IRQHandler                        0x0800015f   Thumb Code     0  startup_stm32f10x_hd.o(.text)
    TIM1_BRK_IRQHandler                      0x0800015f   Thumb Code     0  startup_stm32f10x_hd.o(.text)
    TIM1_CC_IRQHandler                       0x0800015f   Thumb Code     0  startup_stm32f10x_hd.o(.text)
    TIM1_TRG_COM_IRQHandler                  0x0800015f   Thumb Code     0  startup_stm32f10x_hd.o(.text)
    TIM1_UP_IRQHandler                       0x0800015f   Thumb Code     0  startup_stm32f10x_hd.o(.text)
    TIM3_IRQHandler                          0x0800015f   Thumb Code     0  startup_stm32f10x_hd.o(.text)
    TIM4_IRQHandler                          0x0800015f   Thumb Code     0  startup_stm32f10x_hd.o(.text)
    TIM5_IRQHandler                          0x0800015f   Thumb Code     0  startup_stm32f10x_hd.o(.text)
    TIM6_IRQHandler                          0x0800015f   Thumb Code     0  startup_stm32f10x_hd.o(.text)
    TIM7_IRQHandler                          0x0800015f   Thumb Code     0  startup_stm32f10x_hd.o(.text)
    TIM8_BRK_IRQHandler                      0x0800015f   Thumb Code     0  startup_stm32f10x_hd.o(.text)
    TIM8_CC_IRQHandler                       0x0800015f   Thumb Code     0  startup_stm32f10x_hd.o(.text)
    TIM8_TRG_COM_IRQHandler                  0x0800015f   Thumb Code     0  startup_stm32f10x_hd.o(.text)
    TIM8_UP_IRQHandler                       0x0800015f   Thumb Code     0  startup_stm32f10x_hd.o(.text)
    UART4_IRQHandler                         0x0800015f   Thumb Code     0  startup_stm32f10x_hd.o(.text)
    UART5_IRQHandler                         0x0800015f   Thumb Code     0  startup_stm32f10x_hd.o(.text)
    USBWakeUp_IRQHandler                     0x0800015f   Thumb Code     0  startup_stm32f10x_hd.o(.text)
    USB_HP_CAN1_TX_IRQHandler                0x0800015f   Thumb Code     0  startup_stm32f10x_hd.o(.text)
    USB_LP_CAN1_RX0_IRQHandler               0x0800015f   Thumb Code     0  startup_stm32f10x_hd.o(.text)
    WWDG_IRQHandler                          0x0800015f   Thumb Code     0  startup_stm32f10x_hd.o(.text)
    __aeabi_fadd                             0x08000169   Thumb Code   164  fadd.o(.text)
    __aeabi_fsub                             0x0800020d   Thumb Code     6  fadd.o(.text)
    __aeabi_frsub                            0x08000213   Thumb Code     6  fadd.o(.text)
    __aeabi_fmul                             0x08000219   Thumb Code   100  fmul.o(.text)
    __aeabi_fdiv                             0x0800027d   Thumb Code   124  fdiv.o(.text)
    __aeabi_dmul                             0x080002f9   Thumb Code   228  dmul.o(.text)
    __aeabi_ddiv                             0x080003dd   Thumb Code   222  ddiv.o(.text)
    __aeabi_ui2f                             0x080004bb   Thumb Code    10  ffltui.o(.text)
    __aeabi_ui2d                             0x080004c5   Thumb Code    26  dfltui.o(.text)
    __aeabi_f2uiz                            0x080004df   Thumb Code    40  ffixui.o(.text)
    __aeabi_f2d                              0x08000507   Thumb Code    38  f2d.o(.text)
    __aeabi_d2f                              0x0800052d   Thumb Code    56  d2f.o(.text)
    __aeabi_uidiv                            0x08000565   Thumb Code     0  uidiv.o(.text)
    __aeabi_uidivmod                         0x08000565   Thumb Code    44  uidiv.o(.text)
    __aeabi_uldivmod                         0x08000591   Thumb Code    98  uldiv.o(.text)
    __I$use$fp                               0x080005f3   Thumb Code     0  iusefp.o(.text)
    _float_round                             0x080005f3   Thumb Code    18  fepilogue.o(.text)
    _float_epilogue                          0x08000605   Thumb Code    92  fepilogue.o(.text)
    _double_round                            0x08000661   Thumb Code    30  depilogue.o(.text)
    _double_epilogue                         0x0800067f   Thumb Code   156  depilogue.o(.text)
    __aeabi_dadd                             0x0800071b   Thumb Code   322  dadd.o(.text)
    __aeabi_dsub                             0x0800085d   Thumb Code     6  dadd.o(.text)
    __aeabi_drsub                            0x08000863   Thumb Code     6  dadd.o(.text)
    __aeabi_d2ulz                            0x08000869   Thumb Code    48  dfixul.o(.text)
    __aeabi_cdrcmple                         0x08000899   Thumb Code    48  cdrcmple.o(.text)
    __scatterload                            0x080008c9   Thumb Code    28  init.o(.text)
    __scatterload_rt2                        0x080008c9   Thumb Code     0  init.o(.text)
    __aeabi_llsl                             0x080008ed   Thumb Code    30  llshl.o(.text)
    _ll_shift_l                              0x080008ed   Thumb Code     0  llshl.o(.text)
    __aeabi_llsr                             0x0800090b   Thumb Code    32  llushr.o(.text)
    _ll_ushift_r                             0x0800090b   Thumb Code     0  llushr.o(.text)
    __aeabi_lasr                             0x0800092b   Thumb Code    36  llsshr.o(.text)
    _ll_sshift_r                             0x0800092b   Thumb Code     0  llsshr.o(.text)
    Adc_Init                                 0x08000951   Thumb Code   296  adc.o(i.Adc_Init)
    Get_Adc                                  0x08000a95   Thumb Code    64  adc.o(i.Get_Adc)
    MYRCC_DeInit                             0x08000ad9   Thumb Code    90  sys.o(i.MYRCC_DeInit)
    MY_NVIC_SetVectorTable                   0x08000b41   Thumb Code    12  sys.o(i.MY_NVIC_SetVectorTable)
    ReadCount                                0x08000b55   Thumb Code   128  mian.o(i.ReadCount)
    Stm32_Clock_Init                         0x08000ccd   Thumb Code   134  sys.o(i.Stm32_Clock_Init)
    SystemInit                               0x08000d5d   Thumb Code    78  system_stm32f10x.o(i.SystemInit)
    TIM2_IRQHandler                          0x08000dbd   Thumb Code    20  tim2.o(i.TIM2_IRQHandler)
    USART1_IRQHandler                        0x08000dd5   Thumb Code    58  usart1.o(i.USART1_IRQHandler)
    USART2_IRQHandler                        0x08000e25   Thumb Code    58  usart2.o(i.USART2_IRQHandler)
    USART3_IRQHandler                        0x08000e75   Thumb Code    58  usart3.o(i.USART3_IRQHandler)
    __0printf                                0x08000ec5   Thumb Code    22  printfa.o(i.__0printf)
    __1printf                                0x08000ec5   Thumb Code     0  printfa.o(i.__0printf)
    __2printf                                0x08000ec5   Thumb Code     0  printfa.o(i.__0printf)
    __c89printf                              0x08000ec5   Thumb Code     0  printfa.o(i.__0printf)
    printf                                   0x08000ec5   Thumb Code     0  printfa.o(i.__0printf)
    __scatterload_copy                       0x08000ee5   Thumb Code    14  handlers.o(i.__scatterload_copy)
    __scatterload_null                       0x08000ef3   Thumb Code     2  handlers.o(i.__scatterload_null)
    __scatterload_zeroinit                   0x08000ef5   Thumb Code    14  handlers.o(i.__scatterload_zeroinit)
    delay_init                               0x080017b9   Thumb Code    56  delay.o(i.delay_init)
    fputc                                    0x080017f9   Thumb Code    24  usart1.o(i.fputc)
    init_tim2                                0x08001815   Thumb Code    72  tim2.o(i.init_tim2)
    main                                     0x08001861   Thumb Code   150  mian.o(i.main)
    usart_init                               0x0800191d   Thumb Code   390  usart1.o(i.usart_init)
    Region$$Table$$Base                      0x08001abc   Number         0  anon$$obj.o(Region$$Table)
    Region$$Table$$Limit                     0x08001adc   Number         0  anon$$obj.o(Region$$Table)
    Rx_End                                   0x20000000   Data           2  usart1.o(.data)
    Rx_Len                                   0x20000002   Data           2  usart1.o(.data)
    Rx_Tm                                    0x20000004   Data           2  usart1.o(.data)
    __stdout                                 0x20000008   Data           4  usart1.o(.data)
    send_flag                                0x2000000c   Data           1  tim2.o(.data)
    Rx_End3                                  0x2000000e   Data           2  usart3.o(.data)
    Rx_Len3                                  0x20000010   Data           2  usart3.o(.data)
    Rx_Tm3                                   0x20000012   Data           2  usart3.o(.data)
    is_xspeed                                0x20000014   Data           1  usart2.o(.data)
    Rx_End2                                  0x20000016   Data           2  usart2.o(.data)
    Rx_Len2                                  0x20000018   Data           2  usart2.o(.data)
    Rx_Tm2                                   0x2000001a   Data           2  usart2.o(.data)
    Rx_Buf                                   0x20000020   Data         512  usart1.o(.bss)
    Rx_Buf3                                  0x20000220   Data         512  usart3.o(.bss)
    Rx_Buf2                                  0x20000420   Data         512  usart2.o(.bss)
    __initial_sp                             0x20000a20   Data           0  startup_stm32f10x_hd.o(STACK)



==============================================================================

Memory Map of the image

  Image Entry point : 0x08000131

  Load Region LR_IROM1 (Base: 0x08000000, Size: 0x00001afc, Max: 0x00040000, ABSOLUTE)

    Execution Region ER_IROM1 (Exec base: 0x08000000, Load base: 0x08000000, Size: 0x00001adc, Max: 0x00040000, ABSOLUTE)

    Exec Addr    Load Addr    Size         Type   Attr      Idx    E Section Name        Object

    0x08000000   0x08000000   0x00000130   Data   RO          395    RESET               startup_stm32f10x_hd.o
    0x08000130   0x08000130   0x00000000   Code   RO          434  * .ARM.Collect$$$$00000000  mc_w.l(entry.o)
    0x08000130   0x08000130   0x00000004   Code   RO          720    .ARM.Collect$$$$00000001  mc_w.l(entry2.o)
    0x08000134   0x08000134   0x00000004   Code   RO          723    .ARM.Collect$$$$00000004  mc_w.l(entry5.o)
    0x08000138   0x08000138   0x00000000   Code   RO          725    .ARM.Collect$$$$00000008  mc_w.l(entry7b.o)
    0x08000138   0x08000138   0x00000000   Code   RO          727    .ARM.Collect$$$$0000000A  mc_w.l(entry8b.o)
    0x08000138   0x08000138   0x00000008   Code   RO          728    .ARM.Collect$$$$0000000B  mc_w.l(entry9a.o)
    0x08000140   0x08000140   0x00000000   Code   RO          730    .ARM.Collect$$$$0000000D  mc_w.l(entry10a.o)
    0x08000140   0x08000140   0x00000000   Code   RO          732    .ARM.Collect$$$$0000000F  mc_w.l(entry11a.o)
    0x08000140   0x08000140   0x00000004   Code   RO          721    .ARM.Collect$$$$00002712  mc_w.l(entry2.o)
    0x08000144   0x08000144   0x00000024   Code   RO          396    .text               startup_stm32f10x_hd.o
    0x08000168   0x08000168   0x000000b0   Code   RO          700    .text               mf_w.l(fadd.o)
    0x08000218   0x08000218   0x00000064   Code   RO          702    .text               mf_w.l(fmul.o)
    0x0800027c   0x0800027c   0x0000007c   Code   RO          704    .text               mf_w.l(fdiv.o)
    0x080002f8   0x080002f8   0x000000e4   Code   RO          706    .text               mf_w.l(dmul.o)
    0x080003dc   0x080003dc   0x000000de   Code   RO          708    .text               mf_w.l(ddiv.o)
    0x080004ba   0x080004ba   0x0000000a   Code   RO          710    .text               mf_w.l(ffltui.o)
    0x080004c4   0x080004c4   0x0000001a   Code   RO          712    .text               mf_w.l(dfltui.o)
    0x080004de   0x080004de   0x00000028   Code   RO          714    .text               mf_w.l(ffixui.o)
    0x08000506   0x08000506   0x00000026   Code   RO          716    .text               mf_w.l(f2d.o)
    0x0800052c   0x0800052c   0x00000038   Code   RO          718    .text               mf_w.l(d2f.o)
    0x08000564   0x08000564   0x0000002c   Code   RO          734    .text               mc_w.l(uidiv.o)
    0x08000590   0x08000590   0x00000062   Code   RO          736    .text               mc_w.l(uldiv.o)
    0x080005f2   0x080005f2   0x00000000   Code   RO          738    .text               mc_w.l(iusefp.o)
    0x080005f2   0x080005f2   0x0000006e   Code   RO          739    .text               mf_w.l(fepilogue.o)
    0x08000660   0x08000660   0x000000ba   Code   RO          741    .text               mf_w.l(depilogue.o)
    0x0800071a   0x0800071a   0x0000014e   Code   RO          743    .text               mf_w.l(dadd.o)
    0x08000868   0x08000868   0x00000030   Code   RO          745    .text               mf_w.l(dfixul.o)
    0x08000898   0x08000898   0x00000030   Code   RO          747    .text               mf_w.l(cdrcmple.o)
    0x080008c8   0x080008c8   0x00000024   Code   RO          749    .text               mc_w.l(init.o)
    0x080008ec   0x080008ec   0x0000001e   Code   RO          751    .text               mc_w.l(llshl.o)
    0x0800090a   0x0800090a   0x00000020   Code   RO          753    .text               mc_w.l(llushr.o)
    0x0800092a   0x0800092a   0x00000024   Code   RO          755    .text               mc_w.l(llsshr.o)
    0x0800094e   0x0800094e   0x00000002   PAD
    0x08000950   0x08000950   0x00000144   Code   RO          260    i.Adc_Init          adc.o
    0x08000a94   0x08000a94   0x00000044   Code   RO          261    i.Get_Adc           adc.o
    0x08000ad8   0x08000ad8   0x00000068   Code   RO          315    i.MYRCC_DeInit      sys.o
    0x08000b40   0x08000b40   0x00000014   Code   RO          318    i.MY_NVIC_SetVectorTable  sys.o
    0x08000b54   0x08000b54   0x00000090   Code   RO            1    i.ReadCount         mian.o
    0x08000be4   0x08000be4   0x00000008   Code   RO          400    i.SetSysClock       system_stm32f10x.o
    0x08000bec   0x08000bec   0x000000e0   Code   RO          401    i.SetSysClockTo72   system_stm32f10x.o
    0x08000ccc   0x08000ccc   0x00000090   Code   RO          319    i.Stm32_Clock_Init  sys.o
    0x08000d5c   0x08000d5c   0x00000060   Code   RO          403    i.SystemInit        system_stm32f10x.o
    0x08000dbc   0x08000dbc   0x00000018   Code   RO          130    i.TIM2_IRQHandler   tim2.o
    0x08000dd4   0x08000dd4   0x00000050   Code   RO           67    i.USART1_IRQHandler  usart1.o
    0x08000e24   0x08000e24   0x00000050   Code   RO          210    i.USART2_IRQHandler  usart2.o
    0x08000e74   0x08000e74   0x00000050   Code   RO          162    i.USART3_IRQHandler  usart3.o
    0x08000ec4   0x08000ec4   0x00000020   Code   RO          672    i.__0printf         mc_w.l(printfa.o)
    0x08000ee4   0x08000ee4   0x0000000e   Code   RO          759    i.__scatterload_copy  mc_w.l(handlers.o)
    0x08000ef2   0x08000ef2   0x00000002   Code   RO          760    i.__scatterload_null  mc_w.l(handlers.o)
    0x08000ef4   0x08000ef4   0x0000000e   Code   RO          761    i.__scatterload_zeroinit  mc_w.l(handlers.o)
    0x08000f02   0x08000f02   0x00000002   PAD
    0x08000f04   0x08000f04   0x00000184   Code   RO          679    i._fp_digits        mc_w.l(printfa.o)
    0x08001088   0x08001088   0x000006dc   Code   RO          680    i._printf_core      mc_w.l(printfa.o)
    0x08001764   0x08001764   0x00000024   Code   RO          681    i._printf_post_padding  mc_w.l(printfa.o)
    0x08001788   0x08001788   0x0000002e   Code   RO          682    i._printf_pre_padding  mc_w.l(printfa.o)
    0x080017b6   0x080017b6   0x00000002   PAD
    0x080017b8   0x080017b8   0x00000040   Code   RO          284    i.delay_init        delay.o
    0x080017f8   0x080017f8   0x0000001c   Code   RO           69    i.fputc             usart1.o
    0x08001814   0x08001814   0x0000004c   Code   RO          131    i.init_tim2         tim2.o
    0x08001860   0x08001860   0x000000bc   Code   RO            2    i.main              mian.o
    0x0800191c   0x0800191c   0x000001a0   Code   RO           70    i.usart_init        usart1.o
    0x08001abc   0x08001abc   0x00000020   Data   RO          757    Region$$Table       anon$$obj.o


    Execution Region RW_IRAM1 (Exec base: 0x20000000, Load base: 0x08001adc, Size: 0x00000a20, Max: 0x0000c000, ABSOLUTE)

    Exec Addr    Load Addr    Size         Type   Attr      Idx    E Section Name        Object

    0x20000000   0x08001adc   0x0000000c   Data   RW           72    .data               usart1.o
    0x2000000c   0x08001ae8   0x00000001   Data   RW          132    .data               tim2.o
    0x2000000d   0x08001ae9   0x00000001   PAD
    0x2000000e   0x08001aea   0x00000006   Data   RW          165    .data               usart3.o
    0x20000014   0x08001af0   0x00000008   Data   RW          214    .data               usart2.o
    0x2000001c   0x08001af8   0x00000004   Data   RW          287    .data               delay.o
    0x20000020        -       0x00000200   Zero   RW           71    .bss                usart1.o
    0x20000220        -       0x00000200   Zero   RW          164    .bss                usart3.o
    0x20000420        -       0x00000200   Zero   RW          213    .bss                usart2.o
    0x20000620        -       0x00000400   Zero   RW          393    STACK               startup_stm32f10x_hd.o


==============================================================================

Image component sizes


      Code (inc. data)   RO Data    RW Data    ZI Data      Debug   Object Name

       392         32          0          0          0        937   adc.o
        64          8          0          4          0        593   delay.o
       332         54          0          0          0     208867   mian.o
        36          8        304          0       1024        788   startup_stm32f10x_hd.o
       268         32          0          0          0       1507   sys.o
       328         28          0          0          0       1869   system_stm32f10x.o
       100          8          0          1          0      16117   tim2.o
       524         52          0         12        512      18925   usart1.o
        80         22          0          8        512       1131   usart2.o
        80         22          0          6        512       1065   usart3.o

    ----------------------------------------------------------------------
      2204        266        336         32       2560     251799   Object Totals
         0          0         32          0          0          0   (incl. Generated)
         0          0          0          1          0          0   (incl. Padding)

    ----------------------------------------------------------------------

      Code (inc. data)   RO Data    RW Data    ZI Data      Debug   Library Member Name

         0          0          0          0          0          0   entry.o
         0          0          0          0          0          0   entry10a.o
         0          0          0          0          0          0   entry11a.o
         8          4          0          0          0          0   entry2.o
         4          0          0          0          0          0   entry5.o
         0          0          0          0          0          0   entry7b.o
         0          0          0          0          0          0   entry8b.o
         8          4          0          0          0          0   entry9a.o
        30          0          0          0          0          0   handlers.o
        36          8          0          0          0         68   init.o
         0          0          0          0          0          0   iusefp.o
        30          0          0          0          0         68   llshl.o
        36          0          0          0          0         68   llsshr.o
        32          0          0          0          0         68   llushr.o
      2258         90          0          0          0        452   printfa.o
        44          0          0          0          0         80   uidiv.o
        98          0          0          0          0         92   uldiv.o
        48          0          0          0          0         68   cdrcmple.o
        56          0          0          0          0         88   d2f.o
       334          0          0          0          0        148   dadd.o
       222          0          0          0          0        100   ddiv.o
       186          0          0          0          0        176   depilogue.o
        48          0          0          0          0         68   dfixul.o
        26          0          0          0          0         76   dfltui.o
       228          0          0          0          0         96   dmul.o
        38          0          0          0          0         68   f2d.o
       176          0          0          0          0        140   fadd.o
       124          0          0          0          0         88   fdiv.o
       110          0          0          0          0        168   fepilogue.o
        40          0          0          0          0         68   ffixui.o
        10          0          0          0          0         68   ffltui.o
       100          0          0          0          0         76   fmul.o

    ----------------------------------------------------------------------
      4336        106          0          0          0       2392   Library Totals
         6          0          0          0          0          0   (incl. Padding)

    ----------------------------------------------------------------------

      Code (inc. data)   RO Data    RW Data    ZI Data      Debug   Library Name

      2584        106          0          0          0        896   mc_w.l
      1746          0          0          0          0       1496   mf_w.l

    ----------------------------------------------------------------------
      4336        106          0          0          0       2392   Library Totals

    ----------------------------------------------------------------------

==============================================================================


      Code (inc. data)   RO Data    RW Data    ZI Data      Debug   

      6540        372        336         32       2560     252315   Grand Totals
      6540        372        336         32       2560     252315   ELF Image Totals
      6540        372        336         32          0          0   ROM Totals

==============================================================================

    Total RO  Size (Code + RO Data)                 6876 (   6.71kB)
    Total RW  Size (RW Data + ZI Data)              2592 (   2.53kB)
    Total ROM Size (Code + RO Data + RW Data)       6908 (   6.75kB)

==============================================================================

